# asus log:

```
Nov  5 15:00:29 rc_service: httpd 494:notify_rc reboot
Nov  5 15:00:30 dnsmasq[487]: read /etc/hosts - 5 addresses
Nov  5 15:00:30 dnsmasq[487]: read /etc/hosts.dnsmasq - 0 addresses
Nov  5 15:00:30 kernel: Attempt to kill tasklet from interrupt
Nov  5 15:00:30 kernel: device eth0 left promiscuous mode
Nov  5 15:00:30 kernel: br0: port 1(vlan1) entering forwarding state
Nov  5 15:00:30 kernel: device eth0 entered promiscuous mode
Nov  5 15:00:30 kernel: br0: topology change detected, propagating
Nov  5 15:00:30 kernel: br0: port 1(vlan1) entering forwarding state
Nov  5 15:00:30 kernel: br0: port 1(vlan1) entering forwarding state
Nov  5 15:00:30 miniupnpd[1392]: Failed to get IP for interface eth0
Nov  5 15:00:30 miniupnpd[1392]: SendNATPMPPublicAddressChangeNotification: cannot get public IP address, stopping
Nov  5 15:00:30 dnsmasq-dhcp[487]: read /etc/ethers - 1 addresses
Nov  5 15:00:30 dnsmasq[487]: using nameserver 134.17.0.3#53
Nov  5 15:00:30 dnsmasq[487]: using nameserver 134.17.0.12#53
Nov  5 15:00:31 dnsmasq[487]: read /etc/hosts - 5 addresses
Nov  5 15:00:31 dnsmasq[487]: read /etc/hosts.dnsmasq - 0 addresses
Nov  5 15:00:31 dnsmasq-dhcp[487]: read /etc/ethers - 1 addresses
Nov  5 15:00:31 dnsmasq[487]: using nameserver 134.17.0.3#53
Nov  5 15:00:31 dnsmasq[487]: using nameserver 134.17.0.12#53
Nov  5 15:00:32 alex:  sh /opt/S88transmission.1 stop
Nov  5 15:00:33 iTunes: daemon is stopped
Nov  5 15:00:33 FTP_Server: daemon is stopped
Nov  5 15:00:34 Samba_Server: smb daemon is stopped
Nov  5 15:00:34 kernel: gro disabled
Nov  5 15:00:34 Timemachine: daemon is stopped
Nov  5 15:00:35 WEBDAV_Server: daemon is stopped
Nov  5 15:00:36 Mastiff: select error
Nov  5 15:00:36 NAT_Tunnel: AAE Service is stopped
Nov  5 15:00:36 NAT_Tunnel: AAE Service is stopped
Nov  5 15:00:36 kernel: usbcore: deregistering interface driver cdc_mbim
Nov  5 15:00:36 kernel: usbcore: deregistering interface driver cdc_ncm
Nov  5 15:00:36 kernel: usbcore: deregistering interface driver qmi_wwan
Nov  5 15:00:36 kernel: usbcore: deregistering interface driver cdc_wdm
Nov  5 15:00:36 kernel: usbcore: deregistering interface driver rndis_host
Nov  5 15:00:36 kernel: usbcore: deregistering interface driver cdc_ether
Nov  5 15:00:36 kernel: usbcore: deregistering interface driver asix
Nov  5 15:00:36 kernel: cdrom: Uniform CD-ROM driver unloaded
Nov  5 15:00:36 kernel: usbcore: deregistering interface driver usblp
Aug  1 03:00:12 syslogd started: BusyBox v1.25.1
Aug  1 03:00:12 kernel: klogd started: BusyBox v1.25.1 (2017-10-04 15:01:50 EDT)
Aug  1 03:00:12 kernel: Linux version 2.6.36.4brcmarm (merlin@ubuntu-dev) (gcc version 4.5.3 (Buildroot 2012.02) ) #2 SMP PREEMPT Wed Oct 4 15:11:10 EDT 2017
Aug  1 03:00:12 kernel: CPU: ARMv7 Processor [413fc090] revision 0 (ARMv7), cr=10c53c7f
Aug  1 03:00:12 kernel: CPU: VIPT nonaliasing data cache, VIPT nonaliasing instruction cache
Aug  1 03:00:12 kernel: Machine: Northstar Prototype
Aug  1 03:00:12 kernel: Ignoring unrecognised tag 0x00000000
Aug  1 03:00:12 kernel: bootconsole [earlycon0] enabled
Aug  1 03:00:12 kernel: Memory policy: ECC disabled, Data cache writealloc
Aug  1 03:00:12 kernel: MPCORE found at 19020000
Aug  1 03:00:12 kernel: On node 0 totalpages: 65536
Aug  1 03:00:12 kernel:   DMA zone: 256 pages used for memmap
Aug  1 03:00:12 kernel:   DMA zone: 0 pages reserved
Aug  1 03:00:12 kernel:   DMA zone: 32512 pages, LIFO batch:7
Aug  1 03:00:12 kernel:   Normal zone: 4864 pages used for memmap
Aug  1 03:00:12 kernel:   Normal zone: 27904 pages, LIFO batch:7
Aug  1 03:00:12 kernel: PERCPU: Embedded 7 pages/cpu @c8215000 s5472 r8192 d15008 u65536
Aug  1 03:00:12 kernel: pcpu-alloc: s5472 r8192 d15008 u65536 alloc=16*4096
Aug  1 03:00:12 kernel: pcpu-alloc: [0] 0 [0] 1 
Aug  1 03:00:12 kernel: Built 1 zonelists in Zone order, mobility grouping on.  Total pages: 60416
Aug  1 03:00:12 kernel: Kernel command line: root=/dev/mtdblock2 console=ttyS0,115200 init=/sbin/preinit earlyprintk debug
Aug  1 03:00:12 kernel: PID hash table entries: 1024 (order: 0, 4096 bytes)
Aug  1 03:00:12 kernel: Dentry cache hash table entries: 32768 (order: 5, 131072 bytes)
Aug  1 03:00:12 kernel: Inode-cache hash table entries: 16384 (order: 4, 65536 bytes)
Aug  1 03:00:12 kernel: Memory: 128MB 128MB = 256MB total
Aug  1 03:00:12 kernel: Memory: 255488k/255488k available, 6656k reserved, 0K highmem
Aug  1 03:00:12 kernel: Virtual kernel memory layout:
Aug  1 03:00:12 kernel:     vector  : 0xffff0000 - 0xffff1000   (   4 kB)
Aug  1 03:00:12 kernel:     fixmap  : 0xfff00000 - 0xfffe0000   ( 896 kB)
Aug  1 03:00:12 kernel:     DMA     : 0xf7e00000 - 0xffe00000   ( 128 MB)
Aug  1 03:00:12 kernel:     vmalloc : 0xd0800000 - 0xf0000000   ( 504 MB)
Aug  1 03:00:12 kernel:     lowmem  : 0xc0000000 - 0xd0000000   ( 256 MB)
Aug  1 03:00:12 kernel:     modules : 0xbf000000 - 0xc0000000   (  16 MB)
Aug  1 03:00:12 kernel:       .init : 0xc0008000 - 0xc003d000   ( 212 kB)
Aug  1 03:00:12 kernel:       .text : 0xc003d000 - 0xc03aa000   (3508 kB)
Aug  1 03:00:12 kernel:       .data : 0xc03c2000 - 0xc03e52e0   ( 141 kB)
Aug  1 03:00:12 kernel: SLUB: Genslabs=11, HWalign=32, Order=0-3, MinObjects=0, CPUs=2, Nodes=1
Aug  1 03:00:12 kernel: Hierarchical RCU implementation.
Aug  1 03:00:12 kernel: 	RCU-based detection of stalled CPUs is disabled.
Aug  1 03:00:12 kernel: 	Verbose stalled-CPUs detection is disabled.
Aug  1 03:00:12 kernel: NR_IRQS:256
Aug  1 03:00:12 kernel: MPCORE GIC init
Aug  1 03:00:12 kernel: External imprecise Data abort at addr=0x0, fsr=0x1c06 ignored.
Aug  1 03:00:12 kernel: MPCORE Global Timer Clock 500000000Hz
Aug  1 03:00:12 kernel: Calibrating delay loop... 1998.84 BogoMIPS (lpj=9994240)
Aug  1 03:00:12 kernel: pid_max: default: 32768 minimum: 301
Aug  1 03:00:12 kernel: Mount-cache hash table entries: 512
Aug  1 03:00:12 kernel: CPU: Testing write buffer coherency: ok
Aug  1 03:00:12 kernel: MPCORE Private timer setup CPU0
Aug  1 03:00:12 kernel: Calibrating local timer... 499.900MHz.
Aug  1 03:00:12 kernel: L310: cache controller enabled 16 ways, CACHE_ID 0x410000c8, AUX_CTRL 0x7a130000
Aug  1 03:00:12 kernel: CPU1: Booted secondary processor
Aug  1 03:00:12 kernel: MPCORE Private timer setup CPU1
Aug  1 03:00:12 kernel: Brought up 2 CPUs
Aug  1 03:00:12 kernel: SMP: Total of 2 processors activated (3997.69 BogoMIPS).
Aug  1 03:00:12 kernel: devtmpfs: initialized
Aug  1 03:00:12 kernel: atomic64 test passed
Aug  1 03:00:12 kernel: NET: Registered protocol family 16
Aug  1 03:00:12 kernel: Found a AMD NAND flash:
Aug  1 03:00:12 kernel: Total size:  128MB
Aug  1 03:00:12 kernel: Block size:  128KB
Aug  1 03:00:12 kernel: Page Size:   2048B
Aug  1 03:00:12 kernel: OOB Size:    64B
Aug  1 03:00:12 kernel: Sector size: 512B
Aug  1 03:00:12 kernel: Spare size:  16B
Aug  1 03:00:12 kernel: ECC level:   8 (8-bit)
Aug  1 03:00:12 kernel: Device ID: 0x 1 0xf1 0x80 0x1d 0x 1 0xf1
Aug  1 03:00:12 kernel: CCA UART Clock Config: Sel=1 Ovr=1 Div=48
Aug  1 03:00:12 kernel: CCA UART Clock rate 125000000Hz
Aug  1 03:00:12 kernel: bio: create slab <bio-0> at 0
Aug  1 03:00:12 kernel: Switching to clocksource mpcore_gtimer
Aug  1 03:00:12 kernel: NET: Registered protocol family 2
Aug  1 03:00:12 kernel: IP route cache hash table entries: 2048 (order: 1, 8192 bytes)
Aug  1 03:00:12 kernel: TCP established hash table entries: 8192 (order: 4, 65536 bytes)
Aug  1 03:00:12 kernel: TCP bind hash table entries: 8192 (order: 4, 98304 bytes)
Aug  1 03:00:12 kernel: TCP: Hash tables configured (established 8192 bind 8192)
Aug  1 03:00:12 kernel: TCP reno registered
Aug  1 03:00:12 kernel: UDP hash table entries: 128 (order: 0, 4096 bytes)
Aug  1 03:00:12 kernel: UDP-Lite hash table entries: 128 (order: 0, 4096 bytes)
Aug  1 03:00:12 kernel: NET: Registered protocol family 1
Aug  1 03:00:12 kernel: PCI: CLS 0 bytes, default 32
Aug  1 03:00:12 kernel: PCI: no core
Aug  1 03:00:12 kernel: PCI: no core
Aug  1 03:00:12 kernel: PCI: scanning bus 0
Aug  1 03:00:12 kernel: pci 0000:00:00.0: reg 10: [mem 0x18000000-0x18000fff]
Aug  1 03:00:12 kernel: pci 0000:00:00.0: reg 30: [mem 0x00000000-0x000007ff pref]
Aug  1 03:00:12 kernel: pci 0000:00:01.0: reg 10: [mem 0x18001000-0x18001fff]
Aug  1 03:00:12 kernel: pci 0000:00:01.0: reg 14: [mem 0x18002000-0x18002fff]
Aug  1 03:00:12 kernel: pci 0000:00:01.0: reg 30: [mem 0x00000000-0x000007ff pref]
Aug  1 03:00:12 kernel: pci 0000:00:02.0: reg 10: [mem 0x1802c000-0x1802cfff]
Aug  1 03:00:12 kernel: pci 0000:00:02.0: reg 30: [mem 0x00000000-0x000007ff pref]
Aug  1 03:00:12 kernel: pci 0000:00:03.0: reg 10: [mem 0x18024000-0x18024fff]
Aug  1 03:00:12 kernel: pci 0000:00:03.0: reg 30: [mem 0x00000000-0x000007ff pref]
Aug  1 03:00:12 kernel: pci 0000:00:04.0: reg 10: [mem 0x18025000-0x18025fff]
Aug  1 03:00:12 kernel: pci 0000:00:04.0: reg 30: [mem 0x00000000-0x000007ff pref]
Aug  1 03:00:12 kernel: pci 0000:00:05.0: reg 10: [mem 0x18026000-0x18026fff]
Aug  1 03:00:12 kernel: pci 0000:00:05.0: reg 30: [mem 0x00000000-0x000007ff pref]
Aug  1 03:00:12 kernel: pci 0000:00:06.0: reg 10: [mem 0x18027000-0x18027fff]
Aug  1 03:00:12 kernel: pci 0000:00:06.0: reg 30: [mem 0x00000000-0x000007ff pref]
Aug  1 03:00:12 kernel: pci 0000:00:07.0: reg 10: [mem 0x18012000-0x18012fff]
Aug  1 03:00:12 kernel: pci 0000:00:07.0: reg 30: [mem 0x00000000-0x000007ff pref]
Aug  1 03:00:12 kernel: pci 0000:00:08.0: reg 10: [mem 0x18013000-0x18013fff]
Aug  1 03:00:12 kernel: pci 0000:00:08.0: reg 30: [mem 0x00000000-0x000007ff pref]
Aug  1 03:00:12 kernel: pci 0000:00:09.0: reg 10: [mem 0x18014000-0x18014fff]
Aug  1 03:00:12 kernel: pci 0000:00:09.0: reg 30: [mem 0x00000000-0x000007ff pref]
Aug  1 03:00:12 kernel: pci 0000:00:0a.0: reg 10: [mem 0x1800b000-0x1800bfff]
Aug  1 03:00:12 kernel: pci 0000:00:0a.0: reg 14: [mem 0x1800c000-0x1800cfff]
Aug  1 03:00:12 kernel: pci 0000:00:0a.0: reg 30: [mem 0x00000000-0x000007ff pref]
Aug  1 03:00:12 kernel: pci 0000:00:0b.0: reg 10: [mem 0x18022000-0x18022fff]
Aug  1 03:00:12 kernel: pci 0000:00:0b.0: reg 30: [mem 0x00000000-0x000007ff pref]
Aug  1 03:00:12 kernel: pci 0000:00:0b.1: reg 10: [mem 0x18021000-0x18021fff]
Aug  1 03:00:12 kernel: pci 0000:00:0b.1: reg 30: [mem 0x00000000-0x000007ff pref]
Aug  1 03:00:12 kernel: pci 0000:00:0c.0: reg 10: [mem 0x18023000-0x18023fff]
Aug  1 03:00:12 kernel: pci 0000:00:0c.0: reg 30: [mem 0x00000000-0x000007ff pref]
Aug  1 03:00:12 kernel: pci 0000:00:0d.0: reg 10: [mem 0x18020000-0x18020fff]
Aug  1 03:00:12 kernel: pci 0000:00:0d.0: reg 30: [mem 0x00000000-0x000007ff pref]
Aug  1 03:00:12 kernel: pci 0000:00:0e.0: reg 10: [mem 0x1802a000-0x1802afff]
Aug  1 03:00:12 kernel: pci 0000:00:0e.0: reg 30: [mem 0x00000000-0x000007ff pref]
Aug  1 03:00:12 kernel: pci 0000:00:0f.0: reg 10: [mem 0x18210000-0x1821ffff]
Aug  1 03:00:12 kernel: pci 0000:00:0f.0: reg 30: [mem 0x00000000-0x000007ff pref]
Aug  1 03:00:12 kernel: pci 0000:00:10.0: reg 10: [mem 0x18010000-0x18010fff]
Aug  1 03:00:12 kernel: pci 0000:00:10.0: reg 30: [mem 0x00000000-0x000007ff pref]
Aug  1 03:00:12 kernel: pci 0000:00:11.0: reg 30: [mem 0x00000000-0x000007ff pref]
Aug  1 03:00:12 kernel: pci 0000:00:12.0: reg 10: [mem 0x18028000-0x18028fff]
Aug  1 03:00:12 kernel: pci 0000:00:12.0: reg 30: [mem 0x00000000-0x000007ff pref]
Aug  1 03:00:12 kernel: pci 0000:00:13.0: reg 10: [mem 0x18029000-0x18029fff]
Aug  1 03:00:12 kernel: pci 0000:00:13.0: reg 30: [mem 0x00000000-0x000007ff pref]
Aug  1 03:00:12 kernel: PCI: Fixing up bus 0
Aug  1 03:00:12 kernel: PCIE1 link=1
Aug  1 03:00:12 kernel: PCIE1 switching to GEN2
Aug  1 03:00:12 kernel: PCIE1 link=1
Aug  1 03:00:12 kernel: pci 0001:00:00.0: PME# supported from D0 D3hot D3cold
Aug  1 03:00:12 kernel: pci 0001:00:00.0: PME# disabled
Aug  1 03:00:12 kernel: PCI: Fixing up bus 0
Aug  1 03:00:12 kernel: PCI: bus0: Fast back to back transfers disabled
Aug  1 03:00:12 kernel: pci 0001:01:00.0: reg 10: [mem 0x08000000-0x08007fff 64bit]
Aug  1 03:00:12 kernel: pci 0001:01:00.0: supports D1 D2
Aug  1 03:00:12 kernel: PCI: Fixing up bus 1
Aug  1 03:00:12 kernel: PCI: bus1: Fast back to back transfers disabled
Aug  1 03:00:12 kernel: pci 0001:00:00.0: BAR 8: assigned [mem 0x08000000-0x080fffff]
Aug  1 03:00:12 kernel: pci 0001:01:00.0: BAR 0: assigned [mem 0x08000000-0x08007fff 64bit]
Aug  1 03:00:12 kernel: pci 0001:01:00.0: BAR 0: set to [mem 0x08000000-0x08007fff 64bit] (PCI address [0x8000000-0x8007fff]
Aug  1 03:00:12 kernel: pci 0001:00:00.0: PCI bridge to [bus 01-01]
Aug  1 03:00:12 kernel: pci 0001:00:00.0:   bridge window [io  disabled]
Aug  1 03:00:12 kernel: pci 0001:00:00.0:   bridge window [mem 0x08000000-0x080fffff]
Aug  1 03:00:12 kernel: pci 0001:00:00.0:   bridge window [mem pref disabled]
Aug  1 03:00:12 kernel: PCIE2 link=0
Aug  1 03:00:12 kernel: PCIE3 link=0
Aug  1 03:00:12 kernel: VFS: Disk quotas dquot_6.5.2
Aug  1 03:00:12 kernel: Dquot-cache hash table entries: 1024 (order 0, 4096 bytes)
Aug  1 03:00:12 kernel: squashfs: version 4.0 (2009/01/31) Phillip Lougher
Aug  1 03:00:12 kernel: fuse init (API version 7.15)
Aug  1 03:00:12 kernel: msgmni has been set to 499
Aug  1 03:00:12 kernel: io scheduler noop registered (default)
Aug  1 03:00:12 kernel: io scheduler deadline registered
Aug  1 03:00:12 kernel: io scheduler cfq registered
Aug  1 03:00:12 kernel: Serial: 8250/16550 driver, 2 ports, IRQ sharing disabled
Aug  1 03:00:12 kernel: serial8250.0: ttyS0 at MMIO 0x18000300 (irq = 117) is a 16550
Aug  1 03:00:12 kernel: console [ttyS0] enabled, bootconsole disabled
Aug  1 03:00:12 kernel: serial8250.0: ttyS1 at MMIO 0x18000400 (irq = 117) is a 16550
Aug  1 03:00:12 kernel: brd: module loaded
Aug  1 03:00:12 kernel: loop: module loaded
Aug  1 03:00:12 kernel: pflash: found no supported devices
Aug  1 03:00:12 kernel: bcmsflash: found no supported devices
Aug  1 03:00:12 kernel: Boot partition size = 524288(0x80000)
Aug  1 03:00:12 kernel: lookup_nflash_rootfs_offset: offset = 0x200000
Aug  1 03:00:12 kernel: nflash: squash filesystem with lzma found at block 28
Aug  1 03:00:12 kernel: Creating 4 MTD partitions on "nflash":
Aug  1 03:00:12 kernel: 0x000000000000-0x000000080000 : "boot"
Aug  1 03:00:12 kernel: 0x000000080000-0x000000200000 : "nvram"
Aug  1 03:00:12 kernel: 0x000000200000-0x000004000000 : "linux"
Aug  1 03:00:12 kernel: 0x00000039d8d0-0x000004000000 : "rootfs"
Aug  1 03:00:12 kernel: PPP generic driver version 2.4.2
Aug  1 03:00:12 kernel: PPP MPPE Compression module registered
Aug  1 03:00:12 kernel: NET: Registered protocol family 24
Aug  1 03:00:12 kernel: PPTP driver version 0.8.5
Aug  1 03:00:12 kernel: Mirror/redirect action on
Aug  1 03:00:12 kernel: u32 classifier
Aug  1 03:00:12 kernel:     Actions configured
Aug  1 03:00:12 kernel: Netfilter messages via NETLINK v0.30.
Aug  1 03:00:12 kernel: nf_conntrack version 0.5.0 (3992 buckets, 15968 max)
Aug  1 03:00:12 kernel: xt_time: kernel timezone is -0000
Aug  1 03:00:12 kernel: ip_tables: (C) 2000-2006 Netfilter Core Team
Aug  1 03:00:12 kernel: TCP cubic registered
Aug  1 03:00:12 kernel: NET: Registered protocol family 10
Aug  1 03:00:12 kernel: ip6_tables: (C) 2000-2006 Netfilter Core Team
Aug  1 03:00:12 kernel: NET: Registered protocol family 17
Aug  1 03:00:12 kernel: L2TP core driver, V2.0
Aug  1 03:00:12 kernel: PPPoL2TP kernel driver, V2.0
Aug  1 03:00:12 kernel: 802.1Q VLAN Support v1.8 Ben Greear <greearb@candelatech.com>
Aug  1 03:00:12 kernel: All bugs added by David S. Miller <davem@redhat.com>
Aug  1 03:00:12 kernel: Registering the dns_resolver key type
Aug  1 03:00:12 kernel: Northstar brcmnand NAND Flash Controller driver, Version 0.1 (c) Broadcom Inc. 2012
Aug  1 03:00:12 kernel: NAND device: Manufacturer ID: 0x01, Chip ID: 0xf1 (AMD NAND 128MiB 3,3V 8-bit)
Aug  1 03:00:12 kernel: Spare area=64 eccbytes 56, ecc bytes located at:
Aug  1 03:00:12 kernel:  2 3 4 5 6 7 8 9 10 11 12 13 14 15 18 19 20 21 22 23 24 25 26 27 28 29 30 31 34 35 36 37 38 39 40 41 42 43 44 45 46 47 50 51 52 53 54 55 56 57 58 59 60 61 62 63
Aug  1 03:00:12 kernel: Available 7 bytes at (off,len):
Aug  1 03:00:12 kernel: (1,1) (16,2) (32,2) (48,2) (0,0) (0,0) (0,0) (0,0) 
Aug  1 03:00:12 kernel: Scanning device for bad blocks
Aug  1 03:00:12 kernel: Options: NO_AUTOINCR,NO_READRDY,BBT_SCAN2NDPAGE,
Aug  1 03:00:12 kernel: Creating 2 MTD partitions on "brcmnand":
Aug  1 03:00:12 kernel: 0x000004000000-0x000007ec0000 : "brcmnand"
Aug  1 03:00:12 kernel: 0x000007ec0000-0x000008000000 : "asus"
Aug  1 03:00:12 kernel: VFS: Mounted root (squashfs filesystem) readonly on device 31:3.
Aug  1 03:00:12 kernel: devtmpfs: mounted
Aug  1 03:00:12 kernel: Freeing init memory: 212K
Aug  1 03:00:12 kernel: ctf: module license 'Proprietary' taints kernel.
Aug  1 03:00:12 kernel: Disabling lock debugging due to kernel taint
Aug  1 03:00:12 kernel: et_module_init: passivemode set to 0x0
Aug  1 03:00:12 kernel: et_module_init: txworkq set to 0x1
Aug  1 03:00:12 kernel: et_module_init: et_txq_thresh set to 0xce4
Aug  1 03:00:12 kernel: =================
Aug  1 03:00:12 kernel: robo chk regs:
Aug  1 03:00:12 kernel: ===================
Aug  1 03:00:12 kernel: (0x00,0x5d)Port 5 States Override: 0xfb
Aug  1 03:00:12 kernel: (0x00,0x5f)Port 7 States Override: 0xfb
Aug  1 03:00:12 kernel: (0x00,0x0e)Port 8 States Override: 0x0a
Aug  1 03:00:12 kernel: device vlan1 entered promiscuous mode
Aug  1 03:00:12 kernel: device eth0 entered promiscuous mode
Aug  1 03:00:13 kernel: device eth1 entered promiscuous mode
Aug  1 03:00:13 kernel: br0: topology change detected, propagating
Aug  1 03:00:13 kernel: br0: port 2(eth1) entering forwarding state
Aug  1 03:00:13 kernel: br0: port 2(eth1) entering forwarding state
Aug  1 03:00:13 kernel: br0: topology change detected, propagating
Aug  1 03:00:13 kernel: br0: port 1(vlan1) entering forwarding state
Aug  1 03:00:13 kernel: br0: port 1(vlan1) entering forwarding state
Aug  1 03:00:13 stop_nat_rules: apply the redirect_rules!
Aug  1 03:00:13 qcsapi: write qcsapi conf ok
Aug  1 03:00:13 WAN_Connection: ISP's DHCP did not function properly.
Aug  1 03:00:23 dropbear[478]: Running in background
Aug  1 03:00:23 dnsmasq[487]: started, version 2.78 cachesize 1500
Aug  1 03:00:23 dnsmasq[487]: compile time options: IPv6 GNU-getopt no-RTC no-DBus no-i18n no-IDN DHCP DHCPv6 no-Lua TFTP no-conntrack ipset no-auth DNSSEC loop-detect no-inotify
Aug  1 03:00:23 dnsmasq[487]: warning: interface ppp1* does not currently exist
Aug  1 03:00:23 dnsmasq[487]: asynchronous logging enabled, queue limit is 5 messages
Aug  1 03:00:23 dnsmasq-dhcp[487]: DHCP, IP range 192.168.1.2 -- 192.168.1.254, lease time 1d
Aug  1 03:00:23 dnsmasq[487]: read /etc/hosts - 5 addresses
Aug  1 03:00:23 dnsmasq[487]: read /etc/hosts.dnsmasq - 0 addresses
Aug  1 03:00:23 dnsmasq-dhcp[487]: read /etc/ethers - 1 addresses
Aug  1 03:00:23 RT-AC87U: start httpd - SSL
Aug  1 03:00:23 RT-AC87U: start httpd
Aug  1 03:00:23 crond[496]: crond (busybox 1.25.1) started, log level 8
Aug  1 03:00:23 snooper[503]: started on vlan1@br0
Aug  1 03:00:24 NAT_Tunnel: AAE Service is stopped
Aug  1 03:00:24 AAE: AAE Service is started
Aug  1 03:00:24 disk_monitor: be idle
Aug  1 03:00:24 Mastiff: init
Aug  1 03:00:27 kernel: gro enabled with interval 2
Aug  1 03:00:27 hour_monitor: daemon is starting
Aug  1 03:00:27 hour_monitor: daemon terminates
Aug  1 03:00:28 Samba_Server: daemon is started
Aug  1 03:00:29 custom_script: Running /jffs/scripts/services-start
Aug  1 03:00:29 jffs2: valid logs(1)
Aug  1 03:00:30 wan: [wan0_hwaddr] == [D0:17:C2:B0:3B:58]
Aug  1 03:00:30 dnsmasq[487]: read /etc/hosts - 5 addresses
Aug  1 03:00:30 dnsmasq[487]: read /etc/hosts.dnsmasq - 0 addresses
Aug  1 03:00:30 dnsmasq-dhcp[487]: read /etc/ethers - 1 addresses
Aug  1 03:00:30 kernel: usbcore: registered new interface driver usbfs
Aug  1 03:00:30 kernel: usbcore: registered new interface driver hub
Aug  1 03:00:30 kernel: usbcore: registered new device driver usb
Aug  1 03:00:30 kernel: SCSI subsystem initialized
Aug  1 03:00:30 kernel: csw_retry 100
Aug  1 03:00:30 kernel: Initializing USB Mass Storage driver...
Aug  1 03:00:30 kernel: usbcore: registered new interface driver usb-storage
Aug  1 03:00:30 kernel: USB Mass Storage support registered.
Aug  1 03:00:31 rc_service: udhcpc 720:notify_rc start_firewall
Aug  1 03:00:31 dnsmasq[487]: read /etc/hosts - 5 addresses
Aug  1 03:00:31 dnsmasq[487]: read /etc/hosts.dnsmasq - 0 addresses
Aug  1 03:00:31 dnsmasq-dhcp[487]: read /etc/ethers - 1 addresses
Aug  1 03:00:31 dnsmasq[487]: using nameserver 134.17.0.3#53
Aug  1 03:00:31 dnsmasq[487]: using nameserver 134.17.0.12#53
Aug  1 03:00:31 kernel: Tuxera FAT 12/16/32 driver version 3015.1.29.5_1 [Flags: R/W MODULE].
Aug  1 03:00:31 kernel: Built against headers 2.6.36.4brcmarm #1 SMP PREEMPT Wed Dec 2 11:17:39 CST 2015 arm
Aug  1 03:00:31 kernel: Running on kernel 2.6.36.4brcmarm #2 SMP PREEMPT Wed Oct 4 15:11:10 EDT 2017 armv7l
Aug  1 03:00:31 kernel: Tuxera NTFS driver 3015.1.29.8_1 [Flags: R/W MODULE].
Aug  1 03:00:31 kernel: Tuxera HFS+ driver 3014.7.28
Aug  1 03:00:31 kernel: xhci_hcd 0000:00:0c.0: xHCI Host Controller
Aug  1 03:00:31 kernel: xhci_hcd 0000:00:0c.0: new USB bus registered, assigned bus number 1
Aug  1 03:00:31 kernel: xhci_hcd 0000:00:0c.0: irq 112, io mem 0x18023000
Aug  1 03:00:31 kernel: xhci_hcd 0000:00:0c.0: Failed to enable MSI-X
Aug  1 03:00:31 kernel: xhci_hcd 0000:00:0c.0: failed to allocate MSI entry
Aug  1 03:00:31 kernel: usb usb1: No SuperSpeed endpoint companion for config 1  interface 0 altsetting 0 ep 129: using minimum values
Aug  1 03:00:31 kernel: xHCI xhci_add_endpoint called for root hub
Aug  1 03:00:31 kernel: xHCI xhci_check_bandwidth called for root hub
Aug  1 03:00:31 kernel: hub 1-0:1.0: USB hub found
Aug  1 03:00:31 kernel: hub 1-0:1.0: 1 port detected
Aug  1 03:00:31 kernel: [xhci-hub] usb2mode:[0]
Aug  1 03:00:32 kernel: ehci_hcd: USB 2.0 'Enhanced' Host Controller (EHCI) Driver
Aug  1 03:00:32 kernel: ehci_hcd 0000:00:0b.1: EHCI Host Controller
Aug  1 03:00:32 kernel: ehci_hcd 0000:00:0b.1: new USB bus registered, assigned bus number 2
Aug  1 03:00:32 rc_service: udhcpc 720:notify_rc stop_upnp
Aug  1 03:00:32 rc_service: waitting "start_firewall" via udhcpc ...
Aug  1 03:00:32 kernel: ehci_hcd 0000:00:0b.1: irq 111, io mem 0x18021000
Aug  1 03:00:32 kernel: ehci_hcd 0000:00:0b.1: USB 0.0 started, EHCI 1.00
Aug  1 03:00:32 kernel: hub 2-0:1.0: USB hub found
Aug  1 03:00:32 kernel: hub 2-0:1.0: 2 ports detected
Aug  1 03:00:32 kernel: ohci_hcd: USB 1.1 'Open' Host Controller (OHCI) Driver
Aug  1 03:00:32 kernel: ohci_hcd 0000:00:0b.0: OHCI Host Controller
Aug  1 03:00:32 kernel: ohci_hcd 0000:00:0b.0: new USB bus registered, assigned bus number 3
Aug  1 03:00:32 kernel: ohci_hcd 0000:00:0b.0: irq 111, io mem 0x18022000
Aug  1 03:00:32 kernel: usb 1-1: new SuperSpeed USB device using xhci_hcd and address 2
Aug  1 03:00:32 kernel: xhci_hcd 0000:00:0c.0: WARN: short transfer on control ep
Aug  1 03:00:32 kernel: xhci_hcd 0000:00:0c.0: WARN: short transfer on control ep
Aug  1 03:00:32 kernel: xhci_hcd 0000:00:0c.0: WARN: short transfer on control ep
Aug  1 03:00:32 kernel: xhci_hcd 0000:00:0c.0: WARN: short transfer on control ep
Aug  1 03:00:32 kernel: xhci_hcd 0000:00:0c.0: disable burst on ep 1
Aug  1 03:00:32 kernel: hub 3-0:1.0: USB hub found
Aug  1 03:00:32 kernel: hub 3-0:1.0: 2 ports detected
Aug  1 03:00:32 kernel: xhci_hcd 0000:00:0c.0: WARN no SS endpoint bMaxBurst
Aug  1 03:00:32 kernel: xhci_hcd 0000:00:0c.0: disable burst on ep 2
Aug  1 03:00:32 kernel: xhci_hcd 0000:00:0c.0: WARN no SS endpoint bMaxBurst
Aug  1 03:00:32 kernel: scsi0 : usb-storage 1-1:1.0
Aug  1 03:00:32 kernel: usbcore: registered new interface driver usblp
Aug  1 03:00:32 kernel: usbcore: registered new interface driver asix
Aug  1 03:00:32 kernel: usbcore: registered new interface driver cdc_ether
Aug  1 03:00:32 kernel: usbcore: registered new interface driver rndis_host
Aug  1 03:00:32 kernel: cdc_ncm: 14-Mar-2012
Aug  1 03:00:32 kernel: usbcore: registered new interface driver cdc_ncm
Aug  1 03:00:32 kernel: usbcore: registered new interface driver cdc_wdm
Aug  1 03:00:32 kernel: usbcore: registered new interface driver qmi_wwan
Aug  1 03:00:32 kernel: cdc_mbim: loaded
Aug  1 03:00:32 kernel: usbcore: registered new interface driver cdc_mbim
Aug  1 03:00:33 kernel: scsi 0:0:0:0: Direct-Access     Seagate  Backup+ BK       0412 PQ: 0 ANSI: 6
Aug  1 03:00:33 kernel: sd 0:0:0:0: [sda] 1953525167 512-byte logical blocks: (1.00 TB/931 GiB)
Aug  1 03:00:33 kernel: xhci_hcd 0000:00:0c.0: WARN: Stalled endpoint
Aug  1 03:00:33 kernel: sd 0:0:0:0: Attached scsi generic sg0 type 0
Aug  1 03:00:33 kernel: sd 0:0:0:0: [sda] Write Protect is off
Aug  1 03:00:33 kernel: sd 0:0:0:0: [sda] Mode Sense: 4f 00 00 00
Aug  1 03:00:33 kernel: sd 0:0:0:0: [sda] Assuming drive cache: write through
Aug  1 03:00:33 kernel: xhci_hcd 0000:00:0c.0: WARN: Stalled endpoint
Aug  1 03:00:33 kernel: sd 0:0:0:0: [sda] Assuming drive cache: write through
Aug  1 03:00:33 start_nat_rules: apply the nat_rules(/tmp/nat_rules_eth0_eth0)!
Aug  1 03:00:33 kernel:  sda: sda1
Aug  1 03:00:33 kernel: xhci_hcd 0000:00:0c.0: WARN: Stalled endpoint
Aug  1 03:00:33 kernel: sd 0:0:0:0: [sda] Assuming drive cache: write through
Aug  1 03:00:33 kernel: sd 0:0:0:0: [sda] Attached SCSI disk
Aug  1 03:00:34 WAN_Connection: WAN was restored.
Aug  1 03:00:35 kernel: nf_conntrack_rtsp v0.6.21 loading
Aug  1 03:00:35 hotplug[907]: USB /dev/sda1(ntfs) failed to mount at the first try!
Aug  1 03:00:35 usb: USB /dev/sda1(ntfs) failed to mount At the first try!
Aug  1 03:00:35 kernel: tntfs info (device sda1, pid 933): ntfs_fill_super(): fail_safe is enabled
Aug  1 03:00:35 kernel: nf_nat_rtsp v0.6.21 loading
Aug  1 03:00:35 kernel: tntfs info (device sda1, pid 933): load_system_files(): NTFS volume name 'Seagate Backup Plus Drive', version 3.1 (cluster_size 4096, PAGE_CACHE_SIZE 4096).
Aug  1 03:00:35 custom_script: Running /jffs/scripts/firewall-start (args: eth0)
Aug  1 03:00:36 rc_service: udhcpc 720:notify_rc start_upnp
Aug  1 03:00:36 rc_service: waitting "stop_upnp" via udhcpc ...
Aug  1 03:00:36 syslog: USB ntfs fs at /dev/sda1 mounted on /tmp/mnt/Seagate_Backup_Plus_Drive
Aug  1 03:00:36 usb: USB ntfs fs at /dev/sda1 mounted on /tmp/mnt/Seagate_Backup_Plus_Drive.
Aug  1 03:00:37 miniupnpd[968]: HTTP listening on port 57510
Aug  1 03:00:37 miniupnpd[968]: Listening for NAT-PMP/PCP traffic on port 5351
Aug  1 03:00:37 ddns_update: ez-ipupdate: starting...
Aug  1 03:00:38 asusware: umount partition /dev/sda1...
Aug  1 03:00:38 disk_monitor: unmount partition
Aug  1 03:00:38 ntp: start NTP update
Aug  1 03:00:38 ddns_update: connected to nwsrv-ns1.asus.com (103.10.4.108) on port 80.
Nov  5 15:02:38 rc_service: ntp 963:notify_rc restart_upnp
Nov  5 15:02:38 miniupnpd[968]: shutting down MiniUPnPd
Nov  5 15:02:38 miniupnpd[978]: HTTP listening on port 49729
Nov  5 15:02:38 miniupnpd[978]: Listening for NAT-PMP/PCP traffic on port 5351
Nov  5 15:02:39 ddns_update: Asus update entry:: return: HTTP/1.1 200 OK^M Date: Sun, 05 Nov 2017 12:02:37 GMT^M Server: Apache^M X-Powered-By: PHP/5.6.30^M Content-Length: 0^M Connection: close^M Content-Type: text/html; charset=UTF-8^M ^M
Nov  5 15:02:39 ddns_update: retval= 0, ddns_return_code (,200)
Nov  5 15:02:39 ddns_update: asusddns_update: 0
Nov  5 15:02:39 syslog: USB partition unmounted from /tmp/mnt/Seagate_Backup_Plus_Drive
Nov  5 15:02:39 asusware: Automatically scan partition /dev/sda1...
Nov  5 15:02:39 disk_monitor: scan partition
Nov  5 15:02:39 rc_service: ntp 963:notify_rc restart_diskmon
Nov  5 15:02:39 disk_monitor: Finish
Nov  5 15:02:40 ddns: ddns update ok
Nov  5 15:02:41 disk_monitor: be idle
Nov  5 15:02:42 kernel: * Make sure sizeof(struct sw_struct)=160 is consistent
Nov  5 15:02:43 kernel: IDPfw: TrendMicro forward module ver-1.0.34
Nov  5 15:02:43 kernel: IDPfw: Apply module param dev_wan=eth0
Nov  5 15:02:43 kernel: IDPfw: Apply module param sess_num=30000
Nov  5 15:02:43 kernel: [alloc_udb:323] Successfully malloc udb 3084 bytes at cb4e5000
Nov  5 15:02:43 kernel: [alloc_app:387] Successfully malloc udb 131088 bytes at d2e1f000
Nov  5 15:02:43 kernel: [alloc_patroldb:836] Successfully malloc devdb 268602 bytes at d2e42000
Nov  5 15:02:43 kernel: IDPfw: Init chrdev /dev/idpfw with major 191
Nov  5 15:02:43 kernel: IDPfw: IDPfw is ready
Nov  5 15:02:43 kernel: sizeof forward param = 160
Nov  5 15:02:46 rc_service: udhcpc 720:notify_rc start_firewall
Nov  5 15:02:46 dhcp_client: bound 46.216.40.88 via 46.216.0.1 during 600 seconds.
Nov  5 15:02:47 miniupnpd[978]: shutting down MiniUPnPd
Nov  5 15:02:47 start_nat_rules: apply the nat_rules(/tmp/nat_rules_eth0_eth0)!
Nov  5 15:02:48 custom_script: Running /jffs/scripts/firewall-start (args: eth0)
Nov  5 15:02:48 miniupnpd[1136]: HTTP listening on port 36751
Nov  5 15:02:48 miniupnpd[1136]: Listening for NAT-PMP/PCP traffic on port 5351
Nov  5 15:02:56 qtn: bootcfg.tgz exists
Nov  5 15:03:00 crond[496]: time disparity of 1191602 minutes detected
Nov  5 15:03:38 asusware: re-mount partition /dev/sda1...
Nov  5 15:03:38 disk_monitor: re-mount partition
Nov  5 15:03:38 syslog: USB /dev/sda1(ntfs) failed to mount at the first try!
Nov  5 15:03:38 usb: USB /dev/sda1(ntfs) failed to mount At the first try!
Nov  5 15:03:38 kernel: tntfs info (device sda1, pid 1248): ntfs_fill_super(): fail_safe is enabled
Nov  5 15:03:38 kernel: tntfs info (device sda1, pid 1248): load_system_files(): NTFS volume name 'Seagate Backup Plus Drive', version 3.1 (cluster_size 4096, PAGE_CACHE_SIZE 4096).
Nov  5 15:03:39 syslog: USB ntfs fs at /dev/sda1 mounted on /tmp/mnt/Seagate_Backup_Plus_Drive
Nov  5 15:03:39 usb: USB ntfs fs at /dev/sda1 mounted on /tmp/mnt/Seagate_Backup_Plus_Drive.
Nov  5 15:03:39 asusware: done.
Nov  5 15:03:39 disk_monitor: done
Nov  5 15:03:40 rc_service: hotplug 907:notify_rc restart_nasapps
Nov  5 15:03:40 iTunes: daemon is stopped
Nov  5 15:03:40 FTP_Server: daemon is stopped
Nov  5 15:03:42 Samba_Server: smb daemon is stopped
Nov  5 15:03:42 kernel: gro disabled
Nov  5 15:03:42 Timemachine: daemon is stopped
Nov  5 15:03:42 miniupnpd[1136]: shutting down MiniUPnPd
Nov  5 15:03:42 kernel: gro enabled with interval 2
Nov  5 15:03:43 Samba_Server: daemon is started
Nov  5 15:03:44 miniupnpd[1389]: HTTP listening on port 34522
Nov  5 15:03:44 miniupnpd[1389]: Listening for NAT-PMP/PCP traffic on port 5351
Nov  5 15:04:43 dnsmasq-dhcp[487]: DHCPREQUEST(br0) 192.168.1.120 80:e6:50:21:cc:22 
Nov  5 15:04:43 dnsmasq-dhcp[487]: DHCPACK(br0) 192.168.1.120 80:e6:50:21:cc:22 MBP-Alexey
Nov  5 15:16:05 dnsmasq-dhcp[487]: DHCPREQUEST(br0) 192.168.1.41 38:ca:da:06:28:82 
Nov  5 15:16:05 dnsmasq-dhcp[487]: DHCPACK(br0) 192.168.1.41 38:ca:da:06:28:82 Alexs-iPhone-2
Nov  5 15:17:07 dnsmasq-dhcp[487]: DHCPREQUEST(br0) 192.168.1.41 38:ca:da:06:28:82 
Nov  5 15:17:07 dnsmasq-dhcp[487]: DHCPACK(br0) 192.168.1.41 38:ca:da:06:28:82 Alexs-iPhone-2
```
